0 verbose cli D:\node.exe D:\node_modules\npm\bin\npm-cli.js
1 info using npm@11.16.0
2 info using node@v24.18.0
3 silly config load:file:D:\node_modules\npm\npmrc
4 silly config load:file:C:\Users\khanm\Desktop\landslide-ai\dashboard\.npmrc
5 silly config load:file:C:\Users\khanm\.npmrc
6 silly config load:file:C:\Users\khanm\AppData\Roaming\npm\etc\npmrc
7 verbose title npm ci
8 verbose argv "ci" "--cache" ".npm-cache" "--prefer-online"
9 verbose logfile logs-max:10 dir:C:\Users\khanm\Desktop\landslide-ai\dashboard\.npm-cache\_logs\2026-09-05T07_29_35_483Z-
10 verbose logfile C:\Users\khanm\Desktop\landslide-ai\dashboard\.npm-cache\_logs\2026-09-05T07_29_35_483Z-debug-0.log
11 silly logfile done cleaning log files
12 silly packumentCache heap:2348810240 maxSize:587202560 maxEntrySize:293601280
13 silly packumentCache heap:2348810240 maxSize:587202560 maxEntrySize:293601280
14 silly idealTree buildDeps
15 silly reify moves {}
16 silly audit bulk request {
16 silly audit   '@alloc/quick-lru': [ '5.3.0' ],
16 silly audit   '@babel/code-frame': [ '7.29.7' ],
16 silly audit   '@babel/compat-data': [ '7.29.7' ],
16 silly audit   '@babel/core': [ '7.29.7' ],
16 silly audit   '@babel/generator': [ '7.29.8' ],
16 silly audit   '@babel/helper-compilation-targets': [ '7.29.7' ],
16 silly audit   '@babel/helper-globals': [ '7.29.7' ],
16 silly audit   '@babel/helper-module-imports': [ '7.29.7' ],
16 silly audit   '@babel/helper-module-transforms': [ '7.29.7' ],
16 silly audit   '@babel/helper-string-parser': [ '7.29.7' ],
16 silly audit   '@babel/helper-validator-identifier': [ '7.29.7' ],
16 silly audit   '@babel/helper-validator-option': [ '7.29.7' ],
16 silly audit   '@babel/helpers': [ '7.29.7' ],
16 silly audit   '@babel/parser': [ '7.29.8' ],
16 silly audit   '@babel/template': [ '7.29.7' ],
16 silly audit   '@babel/traverse': [ '7.29.8' ],
16 silly audit   '@babel/types': [ '7.29.8' ],
16 silly audit   '@emnapi/core': [ '1.10.0' ],
16 silly audit   '@emnapi/runtime': [ '1.11.3', '1.10.0' ],
16 silly audit   '@emnapi/wasi-threads': [ '1.2.1' ],
16 silly audit   '@eslint-community/eslint-utils': [ '4.10.1', '4.9.1' ],
16 silly audit   'eslint-visitor-keys': [ '3.4.3', '5.0.1', '4.2.1' ],
16 silly audit   '@eslint-community/regexpp': [ '4.12.2' ],
16 silly audit   '@eslint/config-array': [ '0.21.2' ],
16 silly audit   '@eslint/config-helpers': [ '0.4.2' ],
16 silly audit   '@eslint/core': [ '0.17.0' ],
16 silly audit   '@eslint/eslintrc': [ '3.3.7' ],
16 silly audit   '@eslint/js': [ '9.39.5' ],
16 silly audit   '@eslint/object-schema': [ '2.1.7' ],
16 silly audit   '@eslint/plugin-kit': [ '0.4.1' ],
16 silly audit   '@humanfs/core': [ '0.19.2' ],
16 silly audit   '@humanfs/node': [ '0.16.8' ],
16 silly audit   '@humanfs/types': [ '0.15.0' ],
16 silly audit   '@humanwhocodes/module-importer': [ '1.0.1' ],
16 silly audit   '@humanwhocodes/retry': [ '0.4.3' ],
16 silly audit   '@img/colour': [ '1.1.0' ],
16 silly audit   '@img/sharp-darwin-arm64': [ '0.35.4' ],
16 silly audit   '@img/sharp-darwin-x64': [ '0.35.4' ],
16 silly audit   '@img/sharp-freebsd-wasm32': [ '0.35.4' ],
16 silly audit   '@img/sharp-libvips-darwin-arm64': [ '1.3.3' ],
16 silly audit   '@img/sharp-libvips-darwin-x64': [ '1.3.3' ],
16 silly audit   '@img/sharp-libvips-linux-arm': [ '1.3.3' ],
16 silly audit   '@img/sharp-libvips-linux-arm64': [ '1.3.3' ],
16 silly audit   '@img/sharp-libvips-linux-ppc64': [ '1.3.3' ],
16 silly audit   '@img/sharp-libvips-linux-riscv64': [ '1.3.3' ],
16 silly audit   '@img/sharp-libvips-linux-s390x': [ '1.3.3' ],
16 silly audit   '@img/sharp-libvips-linux-x64': [ '1.3.3' ],
16 silly audit   '@img/sharp-libvips-linuxmusl-arm64': [ '1.3.3' ],
16 silly audit   '@img/sharp-libvips-linuxmusl-x64': [ '1.3.3' ],
16 silly audit   '@img/sharp-linux-arm': [ '0.35.4' ],
16 silly audit   '@img/sharp-linux-arm64': [ '0.35.4' ],
16 silly audit   '@img/sharp-linux-ppc64': [ '0.35.4' ],
16 silly audit   '@img/sharp-linux-riscv64': [ '0.35.4' ],
16 silly audit   '@img/sharp-linux-s390x': [ '0.35.4' ],
16 silly audit   '@img/sharp-linux-x64': [ '0.35.4' ],
16 silly audit   '@img/sharp-linuxmusl-arm64': [ '0.35.4' ],
16 silly audit   '@img/sharp-linuxmusl-x64': [ '0.35.4' ],
16 silly audit   '@img/sharp-wasm32': [ '0.35.4' ],
16 silly audit   '@img/sharp-webcontainers-wasm32': [ '0.35.4' ],
16 silly audit   '@img/sharp-win32-arm64': [ '0.35.4' ],
16 silly audit   '@img/sharp-win32-ia32': [ '0.35.4' ],
16 silly audit   '@img/sharp-win32-x64': [ '0.35.4' ],
16 silly audit   '@jridgewell/gen-mapping': [ '0.3.13' ],
16 silly audit   '@jridgewell/remapping': [ '2.3.5' ],
16 silly audit   '@jridgewell/resolve-uri': [ '3.1.2' ],
16 silly audit   '@jridgewell/sourcemap-codec': [ '1.6.0' ],
16 silly audit   '@jridgewell/trace-mapping': [ '0.3.31' ],
16 silly audit   '@napi-rs/wasm-runtime': [ '1.2.3' ],
16 silly audit   '@next/env': [ '16.3.4' ],
16 silly audit   '@next/eslint-plugin-next': [ '16.3.4' ],
16 silly audit   '@next/swc-darwin-arm64': [ '16.3.4' ],
16 silly audit   '@next/swc-darwin-x64': [ '16.3.4' ],
16 silly audit   '@next/swc-linux-arm64-gnu': [ '16.3.4' ],
16 silly audit   '@next/swc-linux-arm64-musl': [ '16.3.4' ],
16 silly audit   '@next/swc-linux-x64-gnu': [ '16.3.4' ],
16 silly audit   '@next/swc-linux-x64-musl': [ '16.3.4' ],
16 silly audit   '@next/swc-win32-arm64-msvc': [ '16.3.4' ],
16 silly audit   '@next/swc-win32-x64-msvc': [ '16.3.4' ],
16 silly audit   '@nodelib/fs.scandir': [ '2.1.5' ],
16 silly audit   '@nodelib/fs.stat': [ '2.0.5' ],
16 silly audit   '@nodelib/fs.walk': [ '1.2.8' ],
16 silly audit   '@nolyfill/is-core-module': [ '1.0.39' ],
16 silly audit   '@rtsao/scc': [ '1.1.0' ],
16 silly audit   '@swc/helpers': [ '0.5.23' ],
16 silly audit   '@tailwindcss/node': [ '4.3.3' ],
16 silly audit   '@tailwindcss/oxide': [ '4.3.3' ],
16 silly audit   '@tailwindcss/oxide-android-arm64': [ '4.3.3' ],
16 silly audit   '@tailwindcss/oxide-darwin-arm64': [ '4.3.3' ],
16 silly audit   '@tailwindcss/oxide-darwin-x64': [ '4.3.3' ],
16 silly audit   '@tailwindcss/oxide-freebsd-x64': [ '4.3.3' ],
16 silly audit   '@tailwindcss/oxide-linux-arm-gnueabihf': [ '4.3.3' ],
16 silly audit   '@tailwindcss/oxide-linux-arm64-gnu': [ '4.3.3' ],
16 silly audit   '@tailwindcss/oxide-linux-arm64-musl': [ '4.3.3' ],
16 silly audit   '@tailwindcss/oxide-linux-x64-gnu': [ '4.3.3' ],
16 silly audit   '@tailwindcss/oxide-linux-x64-musl': [ '4.3.3' ],
16 silly audit   '@tailwindcss/oxide-wasm32-wasi': [ '4.3.3' ],
16 silly audit   '@tailwindcss/oxide-win32-arm64-msvc': [ '4.3.3' ],
16 silly audit   '@tailwindcss/oxide-win32-x64-msvc': [ '4.3.3' ],
16 silly audit   '@tailwindcss/postcss': [ '4.3.3' ],
16 silly audit   '@tybys/wasm-util': [ '0.10.3' ],
16 silly audit   '@types/estree': [ '1.0.9' ],
16 silly audit   '@types/json-schema': [ '7.0.15' ],
16 silly audit   '@types/json5': [ '0.0.29' ],
16 silly audit   '@typescript-eslint/eslint-plugin': [ '8.69.0' ],
16 silly audit   ignore: [ '7.0.8', '5.3.2' ],
16 silly audit   '@typescript-eslint/parser': [ '8.69.0' ],
16 silly audit   '@typescript-eslint/project-service': [ '8.69.0' ],
16 silly audit   '@typescript-eslint/scope-manager': [ '8.69.0' ],
16 silly audit   '@typescript-eslint/tsconfig-utils': [ '8.69.0' ],
16 silly audit   '@typescript-eslint/type-utils': [ '8.69.0' ],
16 silly audit   '@typescript-eslint/types': [ '8.69.0' ],
16 silly audit   '@typescript-eslint/typescript-estree': [ '8.69.0' ],
16 silly audit   'balanced-match': [ '4.0.4', '1.0.2' ],
16 silly audit   'brace-expansion': [ '5.0.9', '1.1.18' ],
16 silly audit   minimatch: [ '10.2.6', '3.1.5' ],
16 silly audit   semver: [ '7.8.5', '6.3.1' ],
16 silly audit   '@typescript-eslint/utils': [ '8.69.0' ],
16 silly audit   '@typescript-eslint/visitor-keys': [ '8.69.0' ],
16 silly audit   '@unrs/resolver-binding-android-arm-eabi': [ '1.12.2' ],
16 silly audit   '@unrs/resolver-binding-android-arm64': [ '1.12.2' ],
16 silly audit   '@unrs/resolver-binding-darwin-arm64': [ '1.12.2' ],
16 silly audit   '@unrs/resolver-binding-darwin-x64': [ '1.12.2' ],
16 silly audit   '@unrs/resolver-binding-freebsd-x64': [ '1.12.2' ],
16 silly audit   '@unrs/resolver-binding-linux-arm-gnueabihf': [ '1.12.2' ],
16 silly audit   '@unrs/resolver-binding-linux-arm-musleabihf': [ '1.12.2' ],
16 silly audit   '@unrs/resolver-binding-linux-arm64-gnu': [ '1.12.2' ],
16 silly audit   '@unrs/resolver-binding-linux-arm64-musl': [ '1.12.2' ],
16 silly audit   '@unrs/resolver-binding-linux-loong64-gnu': [ '1.12.2' ],
16 silly audit   '@unrs/resolver-binding-linux-loong64-musl': [ '1.12.2' ],
16 silly audit   '@unrs/resolver-binding-linux-ppc64-gnu': [ '1.12.2' ],
16 silly audit   '@unrs/resolver-binding-linux-riscv64-gnu': [ '1.12.2' ],
16 silly audit   '@unrs/resolver-binding-linux-riscv64-musl': [ '1.12.2' ],
16 silly audit   '@unrs/resolver-binding-linux-s390x-gnu': [ '1.12.2' ],
16 silly audit   '@unrs/resolver-binding-linux-x64-gnu': [ '1.12.2' ],
16 silly audit   '@unrs/resolver-binding-linux-x64-musl': [ '1.12.2' ],
16 silly audit   '@unrs/resolver-binding-openharmony-arm64': [ '1.12.2' ],
16 silly audit   '@unrs/resolver-binding-wasm32-wasi': [ '1.12.2' ],
16 silly audit   '@unrs/resolver-binding-win32-arm64-msvc': [ '1.12.2' ],
16 silly audit   '@unrs/resolver-binding-win32-ia32-msvc': [ '1.12.2' ],
16 silly audit   '@unrs/resolver-binding-win32-x64-msvc': [ '1.12.2' ],
16 silly audit   acorn: [ '8.18.0' ],
16 silly audit   'acorn-jsx': [ '5.3.2' ],
16 silly audit   ajv: [ '6.15.0' ],
16 silly audit   'ansi-styles': [ '4.3.0' ],
16 silly audit   argparse: [ '2.0.1' ],
16 silly audit   'aria-query': [ '5.3.2' ],
16 silly audit   'array-buffer-byte-length': [ '1.0.2' ],
16 silly audit   'array-includes': [ '3.1.9' ],
16 silly audit   'array.prototype.findlast': [ '1.2.5' ],
16 silly audit   'array.prototype.findlastindex': [ '1.2.6' ],
16 silly audit   'array.prototype.flat': [ '1.3.3' ],
16 silly audit   'array.prototype.flatmap': [ '1.3.3' ],
16 silly audit   'array.prototype.tosorted': [ '1.1.4' ],
16 silly audit   'arraybuffer.prototype.slice': [ '1.0.4' ],
16 silly audit   'ast-types-flow': [ '0.0.8' ],
16 silly audit   'async-function': [ '1.0.0' ],
16 silly audit   'available-typed-arrays': [ '1.0.7' ],
16 silly audit   'axe-core': [ '4.13.0' ],
16 silly audit   'axobject-query': [ '4.1.0' ],
16 silly audit   'baseline-browser-mapping': [ '2.11.20' ],
16 silly audit   braces: [ '3.0.3' ],
16 silly audit   browserslist: [ '4.28.8' ],
16 silly audit   'call-bind': [ '1.0.9' ],
16 silly audit   'call-bind-apply-helpers': [ '1.0.2' ],
16 silly audit   'call-bound': [ '1.0.4' ],
16 silly audit   callsites: [ '3.1.0' ],
16 silly audit   'caniuse-lite': [ '1.0.30001810' ],
16 silly audit   chalk: [ '4.1.2' ],
16 silly audit   'client-only': [ '0.0.1' ],
16 silly audit   'color-convert': [ '2.0.1' ],
16 silly audit   'color-name': [ '1.1.4' ],
16 silly audit   'concat-map': [ '0.0.1' ],
16 silly audit   'convert-source-map': [ '2.0.0' ],
16 silly audit   'cross-spawn': [ '7.0.6' ],
16 silly audit   'damerau-levenshtein': [ '1.0.8' ],
16 silly audit   'data-view-buffer': [ '1.0.2' ],
16 silly audit   'data-view-byte-length': [ '1.0.2' ],
16 silly audit   'data-view-byte-offset': [ '1.0.1' ],
16 silly audit   debug: [ '4.4.3', '3.2.7' ],
16 silly audit   'deep-is': [ '0.1.4' ],
16 silly audit   'define-data-property': [ '1.1.4' ],
16 silly audit   'define-properties': [ '1.2.1' ],
16 silly audit   'detect-libc': [ '2.1.2' ],
16 silly audit   doctrine: [ '2.1.0' ],
16 silly audit   'dunder-proto': [ '1.0.1' ],
16 silly audit   'electron-to-chromium': [ '1.5.419' ],
16 silly audit   'emoji-regex': [ '9.2.2' ],
16 silly audit   'enhanced-resolve': [ '5.24.5' ],
16 silly audit   'es-abstract': [ '1.24.2' ],
16 silly audit   'es-abstract-get': [ '1.0.0' ],
16 silly audit   'es-define-property': [ '1.0.1' ],
16 silly audit   'es-errors': [ '1.3.0' ],
16 silly audit   'es-iterator-helpers': [ '1.4.0' ],
16 silly audit   'es-object-atoms': [ '1.1.2' ],
16 silly audit   'es-set-tostringtag': [ '2.1.0' ],
16 silly audit   'es-shim-unscopables': [ '1.1.0' ],
16 silly audit   'es-to-primitive': [ '1.3.4' ],
16 silly audit   escalade: [ '3.2.0' ],
16 silly audit   'escape-string-regexp': [ '4.0.0' ],
16 silly audit   eslint: [ '9.39.5' ],
16 silly audit   'eslint-config-next': [ '16.3.4' ],
16 silly audit   globals: [ '16.4.0', '14.0.0' ],
16 silly audit   'eslint-import-resolver-node': [ '0.3.10' ],
16 silly audit   'eslint-import-resolver-typescript': [ '3.10.1' ],
16 silly audit   'eslint-module-utils': [ '2.14.0' ],
16 silly audit   'eslint-plugin-import': [ '2.32.0' ],
16 silly audit   'eslint-plugin-jsx-a11y': [ '6.10.2' ],
16 silly audit   'eslint-plugin-react': [ '7.37.5' ],
16 silly audit   'eslint-plugin-react-hooks': [ '7.1.1' ],
16 silly audit   'eslint-scope': [ '8.4.0' ],
16 silly audit   espree: [ '10.4.0' ],
16 silly audit   esquery: [ '1.7.0' ],
16 silly audit   esrecurse: [ '4.3.0' ],
16 silly audit   estraverse: [ '5.3.0' ],
16 silly audit   esutils: [ '2.0.3' ],
16 silly audit   'fast-deep-equal': [ '3.1.3' ],
16 silly audit   'fast-glob': [ '3.3.1' ],
16 silly audit   'glob-parent': [ '5.1.2', '6.0.2' ],
16 silly audit   'fast-json-stable-stringify': [ '2.1.0' ],
16 silly audit   'fast-levenshtein': [ '2.0.6' ],
16 silly audit   fastq: [ '1.20.3' ],
16 silly audit   'file-entry-cache': [ '8.0.0' ],
16 silly audit   'fill-range': [ '7.1.1' ],
16 silly audit   'find-up': [ '5.0.0' ],
16 silly audit   'flat-cache': [ '4.0.1' ],
16 silly audit   flatted: [ '3.4.4' ],
16 silly audit   'for-each': [ '0.3.5' ],
16 silly audit   'function-bind': [ '1.1.2' ],
16 silly audit   'function.prototype.name': [ '1.2.0' ],
16 silly audit   'functions-have-names': [ '1.2.3' ],
16 silly audit   'generator-function': [ '2.0.1' ],
16 silly audit   gensync: [ '1.0.0-beta.2' ],
16 silly audit   'get-intrinsic': [ '1.3.0' ],
16 silly audit   'get-proto': [ '1.0.1' ],
16 silly audit   'get-symbol-description': [ '1.1.0' ],
16 silly audit   'get-tsconfig': [ '4.14.3' ],
16 silly audit   globalthis: [ '1.0.4' ],
16 silly audit   gopd: [ '1.2.0' ],
16 silly audit   'graceful-fs': [ '4.2.11' ],
16 silly audit   'has-bigints': [ '1.1.0' ],
16 silly audit   'has-flag': [ '4.0.0' ],
16 silly audit   'has-property-descriptors': [ '1.0.2' ],
16 silly audit   'has-proto': [ '1.2.0' ],
16 silly audit   'has-symbols': [ '1.1.0' ],
16 silly audit   'has-tostringtag': [ '1.0.2' ],
16 silly audit   hasown: [ '2.0.4' ],
16 silly audit   'hermes-estree': [ '0.25.1' ],
16 silly audit   'hermes-parser': [ '0.25.1' ],
16 silly audit   'import-fresh': [ '3.3.1' ],
16 silly audit   imurmurhash: [ '0.1.4' ],
16 silly audit   'internal-slot': [ '1.1.0' ],
16 silly audit   'is-array-buffer': [ '3.0.5' ],
16 silly audit   'is-async-function': [ '2.1.1' ],
16 silly audit   'is-bigint': [ '1.1.0' ],
16 silly audit   'is-boolean-object': [ '1.2.2' ],
16 silly audit   'is-bun-module': [ '2.0.0' ],
16 silly audit   'is-callable': [ '1.2.7' ],
16 silly audit   'is-core-module': [ '2.16.2' ],
16 silly audit   'is-data-view': [ '1.0.2' ],
16 silly audit   'is-date-object': [ '1.1.0' ],
16 silly audit   'is-document.all': [ '1.0.0' ],
16 silly audit   'is-extglob': [ '2.1.1' ],
16 silly audit   'is-finalizationregistry': [ '1.1.1' ],
16 silly audit   'is-generator-function': [ '1.1.2' ],
16 silly audit   'is-glob': [ '4.0.3' ],
16 silly audit   'is-map': [ '2.0.3' ],
16 silly audit   'is-negative-zero': [ '2.0.3' ],
16 silly audit   'is-number': [ '7.0.0' ],
16 silly audit   'is-number-object': [ '1.1.1' ],
16 silly audit   'is-regex': [ '1.2.1' ],
16 silly audit   'is-set': [ '2.0.3' ],
16 silly audit   'is-shared-array-buffer': [ '1.0.4' ],
16 silly audit   'is-string': [ '1.1.1' ],
16 silly audit   'is-symbol': [ '1.1.1' ],
16 silly audit   'is-typed-array': [ '1.1.15' ],
16 silly audit   'is-weakmap': [ '2.0.2' ],
16 silly audit   'is-weakref': [ '1.1.1' ],
16 silly audit   'is-weakset': [ '2.0.4' ],
16 silly audit   isarray: [ '2.0.5' ],
16 silly audit   isexe: [ '2.0.0' ],
16 silly audit   'iterator.prototype': [ '1.1.5' ],
16 silly audit   jiti: [ '2.7.0' ],
16 silly audit   'js-tokens': [ '4.0.0' ],
16 silly audit   'js-yaml': [ '4.3.2' ],
16 silly audit   jsesc: [ '3.1.0' ],
16 silly audit   'json-buffer': [ '3.0.1' ],
16 silly audit   'json-schema-traverse': [ '0.4.1' ],
16 silly audit   'json-stable-stringify-without-jsonify': [ '1.0.1' ],
16 silly audit   json5: [ '2.2.3', '1.0.2' ],
16 silly audit   'jsx-ast-utils': [ '3.3.5' ],
16 silly audit   keyv: [ '4.5.4' ],
16 silly audit   'language-subtag-registry': [ '0.3.23' ],
16 silly audit   'language-tags': [ '1.0.9' ],
16 silly audit   leaflet: [ '1.9.4' ],
16 silly audit   levn: [ '0.4.1' ],
16 silly audit   lightningcss: [ '1.32.0' ],
16 silly audit   'lightningcss-android-arm64': [ '1.32.0' ],
16 silly audit   'lightningcss-darwin-arm64': [ '1.32.0' ],
16 silly audit   'lightningcss-darwin-x64': [ '1.32.0' ],
16 silly audit   'lightningcss-freebsd-x64': [ '1.32.0' ],
16 silly audit   'lightningcss-linux-arm-gnueabihf': [ '1.32.0' ],
16 silly audit   'lightningcss-linux-arm64-gnu': [ '1.32.0' ],
16 silly audit   'lightningcss-linux-arm64-musl': [ '1.32.0' ],
16 silly audit   'lightningcss-linux-x64-gnu': [ '1.32.0' ],
16 silly audit   'lightningcss-linux-x64-musl': [ '1.32.0' ],
16 silly audit   'lightningcss-win32-arm64-msvc': [ '1.32.0' ],
16 silly audit   'lightningcss-win32-x64-msvc': [ '1.32.0' ],
16 silly audit   'locate-path': [ '6.0.0' ],
16 silly audit   'lodash.merge': [ '4.6.2' ],
16 silly audit   'loose-envify': [ '1.4.0' ],
16 silly audit   'lru-cache': [ '5.1.1' ],
16 silly audit   'magic-string': [ '0.30.21' ],
16 silly audit   'math-intrinsics': [ '1.1.0' ],
16 silly audit   merge2: [ '1.4.1' ],
16 silly audit   micromatch: [ '4.0.8' ],
16 silly audit   minimist: [ '1.2.8' ],
16 silly audit   ms: [ '2.1.3' ],
16 silly audit   nanoid: [ '3.3.18' ],
16 silly audit   'napi-postinstall': [ '0.3.4' ],
16 silly audit   'natural-compare': [ '1.4.0' ],
16 silly audit   next: [ '16.3.4' ],
16 silly audit   postcss: [ '8.5.23', '8.5.26' ],
16 silly audit   'node-exports-info': [ '1.6.2' ],
16 silly audit   'node-releases': [ '2.0.54' ],
16 silly audit   'object-assign': [ '4.1.1' ],
16 silly audit   'object-inspect': [ '1.13.4' ],
16 silly audit   'object-keys': [ '1.1.1' ],
16 silly audit   'object.assign': [ '4.1.7' ],
16 silly audit   'object.entries': [ '1.1.9' ],
16 silly audit   'object.fromentries': [ '2.0.8' ],
16 silly audit   'object.groupby': [ '1.0.3' ],
16 silly audit   'object.values': [ '1.2.1' ],
16 silly audit   optionator: [ '0.9.4' ],
16 silly audit   'own-keys': [ '1.0.2' ],
16 silly audit   'p-limit': [ '3.1.0' ],
16 silly audit   'p-locate': [ '5.0.0' ],
16 silly audit   'parent-module': [ '1.0.1' ],
16 silly audit   'path-exists': [ '4.0.0' ],
16 silly audit   'path-key': [ '3.1.1' ],
16 silly audit   'path-parse': [ '1.0.7' ],
16 silly audit   picocolors: [ '1.1.1' ],
16 silly audit   picomatch: [ '2.3.2', '4.0.7' ],
16 silly audit   'possible-typed-array-names': [ '1.1.0' ],
16 silly audit   'prelude-ls': [ '1.2.1' ],
16 silly audit   'prop-types': [ '15.8.1' ],
16 silly audit   punycode: [ '2.3.1' ],
16 silly audit   'queue-microtask': [ '1.2.3' ],
16 silly audit   react: [ '19.2.8' ],
16 silly audit   'react-dom': [ '19.2.8' ],
16 silly audit   'react-is': [ '16.13.1' ],
16 silly audit   'reflect.getprototypeof': [ '1.0.10' ],
16 silly audit   'regexp.prototype.flags': [ '1.5.4' ],
16 silly audit   resolve: [ '2.0.0-next.7' ],
16 silly audit   'resolve-from': [ '4.0.0' ],
16 silly audit   'resolve-pkg-maps': [ '1.0.0' ],
16 silly audit   reusify: [ '1.1.0' ],
16 silly audit   'run-parallel': [ '1.2.0' ],
16 silly audit   'safe-array-concat': [ '1.1.4' ],
16 silly audit   'safe-push-apply': [ '1.0.0' ],
16 silly audit   'safe-regex-test': [ '1.1.0' ],
16 silly audit   scheduler: [ '0.27.0' ],
16 silly audit   'set-function-length': [ '1.2.2' ],
16 silly audit   'set-function-name': [ '2.0.2' ],
16 silly audit   'set-proto': [ '1.0.0' ],
16 silly audit   sharp: [ '0.35.4' ],
16 silly audit   'shebang-command': [ '2.0.0' ],
16 silly audit   'shebang-regex': [ '3.0.0' ],
16 silly audit   'side-channel': [ '1.1.1' ],
16 silly audit   'side-channel-list': [ '1.0.1' ],
16 silly audit   'side-channel-map': [ '1.0.1' ],
16 silly audit   'side-channel-weakmap': [ '1.0.2' ],
16 silly audit   'source-map-js': [ '1.2.1' ],
16 silly audit   'stable-hash': [ '0.0.5' ],
16 silly audit   'stop-iteration-iterator': [ '1.1.0' ],
16 silly audit   'string.prototype.includes': [ '2.0.1' ],
16 silly audit   'string.prototype.matchall': [ '4.1.0' ],
16 silly audit   'string.prototype.repeat': [ '1.0.0' ],
16 silly audit   'string.prototype.trim': [ '1.2.11' ],
16 silly audit   'string.prototype.trimend': [ '1.0.10' ],
16 silly audit   'string.prototype.trimstart': [ '1.0.8' ],
16 silly audit   'strip-bom': [ '3.0.0' ],
16 silly audit   'strip-json-comments': [ '3.1.1' ],
16 silly audit   'styled-jsx': [ '5.1.6' ],
16 silly audit   'supports-color': [ '7.2.0' ],
16 silly audit   'supports-preserve-symlinks-flag': [ '1.0.0' ],
16 silly audit   tailwindcss: [ '4.3.3' ],
16 silly audit   tapable: [ '2.3.3' ],
16 silly audit   tinyglobby: [ '0.2.17' ],
16 silly audit   fdir: [ '6.5.0' ],
16 silly audit   'to-regex-range': [ '5.0.1' ],
16 silly audit   'ts-api-utils': [ '2.5.0' ],
16 silly audit   'tsconfig-paths': [ '3.15.0' ],
16 silly audit   tslib: [ '2.8.1' ],
16 silly audit   'type-check': [ '0.4.0' ],
16 silly audit   'typed-array-buffer': [ '1.0.3' ],
16 silly audit   'typed-array-byte-length': [ '1.0.3' ],
16 silly audit   'typed-array-byte-offset': [ '1.0.4' ],
16 silly audit   'typed-array-length': [ '1.0.8' ],
16 silly audit   typescript: [ '6.0.3' ],
16 silly audit   'typescript-eslint': [ '8.69.0' ],
16 silly audit   'unbox-primitive': [ '1.1.0' ],
16 silly audit   'unrs-resolver': [ '1.12.2' ],
16 silly audit   'update-browserslist-db': [ '1.3.2' ],
16 silly audit   'uri-js': [ '4.4.1' ],
16 silly audit   which: [ '2.0.2' ],
16 silly audit   'which-boxed-primitive': [ '1.1.1' ],
16 silly audit   'which-builtin-type': [ '1.2.1' ],
16 silly audit   'which-collection': [ '1.0.2' ],
16 silly audit   'which-typed-array': [ '1.1.22' ],
16 silly audit   'word-wrap': [ '1.2.5' ],
16 silly audit   yallist: [ '3.1.1' ],
16 silly audit   'yocto-queue': [ '0.1.0' ],
16 silly audit   zod: [ '4.5.4' ],
16 silly audit   'zod-validation-error': [ '4.0.2' ]
16 silly audit }
17 http fetch GET 200 https://registry.npmjs.org/npm 2141ms
18 http fetch GET 200 https://registry.npmjs.org/typescript-eslint/-/typescript-eslint-8.69.0.tgz 1059ms (cache miss)
19 http fetch GET 200 https://registry.npmjs.org/unbox-primitive/-/unbox-primitive-1.1.0.tgz 1364ms (cache miss)
20 http fetch GET 200 https://registry.npmjs.org/yallist/-/yallist-3.1.1.tgz 1391ms (cache miss)
21 http fetch GET 200 https://registry.npmjs.org/word-wrap/-/word-wrap-1.2.5.tgz 1412ms (cache miss)
22 http fetch GET 200 https://registry.npmjs.org/yocto-queue/-/yocto-queue-0.1.0.tgz 1438ms (cache miss)
23 http fetch GET 200 https://registry.npmjs.org/which/-/which-2.0.2.tgz 1450ms (cache miss)
24 http fetch GET 200 https://registry.npmjs.org/update-browserslist-db/-/update-browserslist-db-1.3.2.tgz 1501ms (cache miss)
25 http fetch GET 200 https://registry.npmjs.org/unrs-resolver/-/unrs-resolver-1.12.2.tgz 1558ms (cache miss)
26 http fetch GET 200 https://registry.npmjs.org/which-collection/-/which-collection-1.0.2.tgz 1593ms (cache miss)
27 http fetch POST 200 https://registry.npmjs.org/-/npm/v1/security/advisories/bulk 2383ms
28 silly audit report {}
29 http fetch GET 200 https://registry.npmjs.org/which-builtin-type/-/which-builtin-type-1.2.1.tgz 1636ms (cache miss)
30 http fetch GET 200 https://registry.npmjs.org/which-boxed-primitive/-/which-boxed-primitive-1.1.1.tgz 1637ms (cache miss)
31 http fetch GET 200 https://registry.npmjs.org/to-regex-range/-/to-regex-range-5.0.1.tgz 1848ms (cache miss)
32 http fetch GET 200 https://registry.npmjs.org/tinyglobby/-/tinyglobby-0.2.17.tgz 1924ms (cache miss)
33 http fetch GET 200 https://registry.npmjs.org/which-typed-array/-/which-typed-array-1.1.22.tgz 2031ms (cache miss)
34 http fetch GET 200 https://registry.npmjs.org/type-check/-/type-check-0.4.0.tgz 3186ms (cache miss)
35 http fetch GET 200 https://registry.npmjs.org/strip-bom/-/strip-bom-3.0.0.tgz 3180ms (cache miss)
36 http fetch GET 200 https://registry.npmjs.org/supports-color/-/supports-color-7.2.0.tgz 3290ms (cache miss)
37 http fetch GET 200 https://registry.npmjs.org/strip-json-comments/-/strip-json-comments-3.1.1.tgz 3343ms (cache miss)
38 http fetch GET 200 https://registry.npmjs.org/typed-array-byte-offset/-/typed-array-byte-offset-1.0.4.tgz 3540ms (cache miss)
39 http fetch GET 200 https://registry.npmjs.org/typed-array-buffer/-/typed-array-buffer-1.0.3.tgz 3540ms (cache miss)
40 http fetch GET 200 https://registry.npmjs.org/typed-array-byte-length/-/typed-array-byte-length-1.0.3.tgz 3572ms (cache miss)
41 http fetch GET 200 https://registry.npmjs.org/side-channel-weakmap/-/side-channel-weakmap-1.0.2.tgz 3568ms (cache miss)
42 http fetch GET 200 https://registry.npmjs.org/typed-array-length/-/typed-array-length-1.0.8.tgz 3817ms (cache miss)
43 http fetch GET 200 https://registry.npmjs.org/shebang-regex/-/shebang-regex-3.0.0.tgz 3844ms (cache miss)
44 http fetch GET 200 https://registry.npmjs.org/shebang-command/-/shebang-command-2.0.0.tgz 3986ms (cache miss)
45 http fetch GET 200 https://registry.npmjs.org/run-parallel/-/run-parallel-1.2.0.tgz 4097ms (cache miss)
46 http fetch GET 200 https://registry.npmjs.org/resolve-from/-/resolve-from-4.0.0.tgz 4238ms (cache miss)
47 http fetch GET 200 https://registry.npmjs.org/stable-hash/-/stable-hash-0.0.5.tgz 4377ms (cache miss)
48 http fetch GET 200 https://registry.npmjs.org/reflect.getprototypeof/-/reflect.getprototypeof-1.0.10.tgz 4564ms (cache miss)
49 http fetch GET 200 https://registry.npmjs.org/supports-preserve-symlinks-flag/-/supports-preserve-symlinks-flag-1.0.0.tgz 4575ms (cache miss)
50 http fetch GET 200 https://registry.npmjs.org/p-limit/-/p-limit-3.1.0.tgz 4617ms (cache miss)
51 http fetch GET 200 https://registry.npmjs.org/queue-microtask/-/queue-microtask-1.2.3.tgz 4781ms (cache miss)
52 http fetch GET 200 https://registry.npmjs.org/path-key/-/path-key-3.1.1.tgz 4805ms (cache miss)
53 http fetch GET 200 https://registry.npmjs.org/path-parse/-/path-parse-1.0.7.tgz 4984ms (cache miss)
54 http fetch GET 200 https://registry.npmjs.org/picocolors/-/picocolors-1.1.1.tgz 5192ms (cache miss)
55 http fetch GET 200 https://registry.npmjs.org/path-exists/-/path-exists-4.0.0.tgz 5381ms (cache miss)
56 http fetch GET 200 https://registry.npmjs.org/parent-module/-/parent-module-1.0.1.tgz 5448ms (cache miss)
57 http fetch GET 200 https://registry.npmjs.org/object.entries/-/object.entries-1.1.9.tgz 5485ms (cache miss)
58 http fetch GET 200 https://registry.npmjs.org/ms/-/ms-2.1.3.tgz 5500ms (cache miss)
59 http fetch GET 200 https://registry.npmjs.org/merge2/-/merge2-1.4.1.tgz 5534ms (cache miss)
60 http fetch GET 200 https://registry.npmjs.org/math-intrinsics/-/math-intrinsics-1.1.0.tgz 5715ms (cache miss)
61 http fetch GET 200 https://registry.npmjs.org/json-stable-stringify-without-jsonify/-/json-stable-stringify-without-jsonify-1.0.1.tgz 5797ms (cache miss)
62 http fetch GET 200 https://registry.npmjs.org/loose-envify/-/loose-envify-1.4.0.tgz 5822ms (cache miss)
63 http fetch GET 200 https://registry.npmjs.org/locate-path/-/locate-path-6.0.0.tgz 5826ms (cache miss)
64 http fetch GET 200 https://registry.npmjs.org/natural-compare/-/natural-compare-1.4.0.tgz 5912ms (cache miss)
65 http fetch GET 200 https://registry.npmjs.org/punycode/-/punycode-2.3.1.tgz 5935ms (cache miss)
66 http fetch GET 200 https://registry.npmjs.org/nanoid/-/nanoid-3.3.18.tgz 5923ms (cache miss)
67 http fetch GET 200 https://registry.npmjs.org/p-locate/-/p-locate-5.0.0.tgz 5981ms (cache miss)
68 http fetch GET 200 https://registry.npmjs.org/node-releases/-/node-releases-2.0.54.tgz 6161ms (cache miss)
69 http fetch GET 200 https://registry.npmjs.org/lru-cache/-/lru-cache-5.1.1.tgz 6388ms (cache miss)
70 http fetch GET 200 https://registry.npmjs.org/is-weakmap/-/is-weakmap-2.0.2.tgz 6393ms (cache miss)
71 http fetch GET 200 https://registry.npmjs.org/is-boolean-object/-/is-boolean-object-1.2.2.tgz 6489ms (cache miss)
72 http fetch GET 200 https://registry.npmjs.org/object-assign/-/object-assign-4.1.1.tgz 6550ms (cache miss)
73 http fetch GET 200 https://registry.npmjs.org/lodash.merge/-/lodash.merge-4.6.2.tgz 6661ms (cache miss)
74 http fetch GET 200 https://registry.npmjs.org/import-fresh/-/import-fresh-3.3.1.tgz 6743ms (cache miss)
75 http fetch GET 200 https://registry.npmjs.org/is-negative-zero/-/is-negative-zero-2.0.3.tgz 6748ms (cache miss)
76 http fetch GET 200 https://registry.npmjs.org/is-glob/-/is-glob-4.0.3.tgz 6748ms (cache miss)
77 http fetch GET 200 https://registry.npmjs.org/has-tostringtag/-/has-tostringtag-1.0.2.tgz 6757ms (cache miss)
78 http fetch GET 200 https://registry.npmjs.org/jsesc/-/jsesc-3.1.0.tgz 6766ms (cache miss)
79 http fetch GET 200 https://registry.npmjs.org/isarray/-/isarray-2.0.5.tgz 6883ms (cache miss)
80 http fetch GET 200 https://registry.npmjs.org/is-bun-module/-/is-bun-module-2.0.0.tgz 6880ms (cache miss)
81 http fetch GET 200 https://registry.npmjs.org/keyv/-/keyv-4.5.4.tgz 6966ms (cache miss)
82 http fetch GET 200 https://registry.npmjs.org/is-typed-array/-/is-typed-array-1.1.15.tgz 6967ms (cache miss)
83 http fetch GET 200 https://registry.npmjs.org/js-tokens/-/js-tokens-4.0.0.tgz 6972ms (cache miss)
84 http fetch GET 200 https://registry.npmjs.org/json-buffer/-/json-buffer-3.0.1.tgz 7042ms (cache miss)
85 http fetch GET 200 https://registry.npmjs.org/is-number-object/-/is-number-object-1.1.1.tgz 7112ms (cache miss)
86 http fetch GET 200 https://registry.npmjs.org/is-document.all/-/is-document.all-1.0.0.tgz 7143ms (cache miss)
87 http fetch GET 200 https://registry.npmjs.org/graceful-fs/-/graceful-fs-4.2.11.tgz 7175ms (cache miss)
88 http fetch GET 200 https://registry.npmjs.org/is-data-view/-/is-data-view-1.0.2.tgz 7213ms (cache miss)
89 http fetch GET 200 https://registry.npmjs.org/is-number/-/is-number-7.0.0.tgz 7315ms (cache miss)
90 http fetch GET 200 https://registry.npmjs.org/minimatch/-/minimatch-3.1.5.tgz 7359ms (cache miss)
91 http fetch GET 200 https://registry.npmjs.org/has-flag/-/has-flag-4.0.0.tgz 7389ms (cache miss)
92 http fetch GET 200 https://registry.npmjs.org/has-proto/-/has-proto-1.2.0.tgz 7391ms (cache miss)
93 http fetch GET 200 https://registry.npmjs.org/resolve-pkg-maps/-/resolve-pkg-maps-1.0.0.tgz 7456ms (cache miss)
94 http fetch GET 200 https://registry.npmjs.org/is-extglob/-/is-extglob-2.1.1.tgz 7484ms (cache miss)
95 http fetch GET 200 https://registry.npmjs.org/is-callable/-/is-callable-1.2.7.tgz 7522ms (cache miss)
96 http fetch GET 200 https://registry.npmjs.org/is-array-buffer/-/is-array-buffer-3.0.5.tgz 7638ms (cache miss)
97 http fetch GET 200 https://registry.npmjs.org/internal-slot/-/internal-slot-1.1.0.tgz 7734ms (cache miss)
98 http fetch GET 200 https://registry.npmjs.org/stop-iteration-iterator/-/stop-iteration-iterator-1.1.0.tgz 7898ms (cache miss)
99 http fetch GET 200 https://registry.npmjs.org/find-up/-/find-up-5.0.0.tgz 7849ms (cache miss)
100 http fetch GET 200 https://registry.npmjs.org/imurmurhash/-/imurmurhash-0.1.4.tgz 7911ms (cache miss)
101 http fetch GET 200 https://registry.npmjs.org/has-property-descriptors/-/has-property-descriptors-1.0.2.tgz 8069ms (cache miss)
102 http fetch GET 200 https://registry.npmjs.org/get-proto/-/get-proto-1.0.1.tgz 8117ms (cache miss)
103 http fetch GET 200 https://registry.npmjs.org/hasown/-/hasown-2.0.4.tgz 8126ms (cache miss)
104 http fetch GET 200 https://registry.npmjs.org/for-each/-/for-each-0.3.5.tgz 8353ms (cache miss)
105 http fetch GET 200 https://registry.npmjs.org/fast-levenshtein/-/fast-levenshtein-2.0.6.tgz 8429ms (cache miss)
106 http fetch GET 200 https://registry.npmjs.org/flatted/-/flatted-3.4.4.tgz 8434ms (cache miss)
107 http fetch GET 200 https://registry.npmjs.org/function.prototype.name/-/function.prototype.name-1.2.0.tgz 8434ms (cache miss)
108 http fetch GET 200 https://registry.npmjs.org/fastq/-/fastq-1.20.3.tgz 8435ms (cache miss)
109 http fetch GET 200 https://registry.npmjs.org/language-tags/-/language-tags-1.0.9.tgz 8655ms (cache miss)
110 http fetch GET 200 https://registry.npmjs.org/fill-range/-/fill-range-7.1.1.tgz 8671ms (cache miss)
111 http fetch GET 200 https://registry.npmjs.org/set-function-name/-/set-function-name-2.0.2.tgz 8778ms (cache miss)
112 http fetch GET 200 https://registry.npmjs.org/gensync/-/gensync-1.0.0-beta.2.tgz 8780ms (cache miss)
113 http fetch GET 200 https://registry.npmjs.org/generator-function/-/generator-function-2.0.1.tgz 8802ms (cache miss)
114 http fetch GET 200 https://registry.npmjs.org/fast-deep-equal/-/fast-deep-equal-3.1.3.tgz 8840ms (cache miss)
115 http fetch GET 200 https://registry.npmjs.org/glob-parent/-/glob-parent-6.0.2.tgz 8978ms (cache miss)
116 http fetch GET 200 https://registry.npmjs.org/fast-json-stable-stringify/-/fast-json-stable-stringify-2.1.0.tgz 9076ms (cache miss)
117 http fetch GET 200 https://registry.npmjs.org/file-entry-cache/-/file-entry-cache-8.0.0.tgz 9179ms (cache miss)
118 http fetch GET 200 https://registry.npmjs.org/define-data-property/-/define-data-property-1.1.4.tgz 9272ms (cache miss)
119 http fetch GET 200 https://registry.npmjs.org/data-view-byte-offset/-/data-view-byte-offset-1.0.1.tgz 9273ms (cache miss)
120 http fetch GET 200 https://registry.npmjs.org/eslint-visitor-keys/-/eslint-visitor-keys-4.2.1.tgz 9332ms (cache miss)
121 http fetch GET 200 https://registry.npmjs.org/color-name/-/color-name-1.1.4.tgz 9336ms (cache miss)
122 http fetch GET 200 https://registry.npmjs.org/escape-string-regexp/-/escape-string-regexp-4.0.0.tgz 9372ms (cache miss)
123 http fetch GET 200 https://registry.npmjs.org/damerau-levenshtein/-/damerau-levenshtein-1.0.8.tgz 9364ms (cache miss)
124 http fetch GET 200 https://registry.npmjs.org/levn/-/levn-0.4.1.tgz 9462ms (cache miss)
125 http fetch GET 200 https://registry.npmjs.org/eslint-import-resolver-node/-/eslint-import-resolver-node-0.3.10.tgz 9436ms (cache miss)
126 http fetch GET 200 https://registry.npmjs.org/call-bound/-/call-bound-1.0.4.tgz 9475ms (cache miss)
127 http fetch GET 200 https://registry.npmjs.org/es-define-property/-/es-define-property-1.0.1.tgz 9488ms (cache miss)
128 http fetch GET 200 https://registry.npmjs.org/esrecurse/-/esrecurse-4.3.0.tgz 9578ms (cache miss)
129 http fetch GET 200 https://registry.npmjs.org/balanced-match/-/balanced-match-1.0.2.tgz 9563ms (cache miss)
130 http fetch GET 200 https://registry.npmjs.org/eslint-config-next/-/eslint-config-next-16.3.4.tgz 9619ms (cache miss)
131 http fetch GET 200 https://registry.npmjs.org/ignore/-/ignore-5.3.2.tgz 9659ms (cache miss)
132 http fetch GET 200 https://registry.npmjs.org/emoji-regex/-/emoji-regex-9.2.2.tgz 9644ms (cache miss)
133 http fetch GET 200 https://registry.npmjs.org/color-convert/-/color-convert-2.0.1.tgz 9719ms (cache miss)
134 http fetch GET 200 https://registry.npmjs.org/client-only/-/client-only-0.0.1.tgz 9721ms (cache miss)
135 http fetch GET 200 https://registry.npmjs.org/convert-source-map/-/convert-source-map-2.0.0.tgz 9723ms (cache miss)
136 http fetch GET 200 https://registry.npmjs.org/call-bind-apply-helpers/-/call-bind-apply-helpers-1.0.2.tgz 9726ms (cache miss)
137 http fetch GET 200 https://registry.npmjs.org/es-shim-unscopables/-/es-shim-unscopables-1.1.0.tgz 9742ms (cache miss)
138 http fetch GET 200 https://registry.npmjs.org/es-set-tostringtag/-/es-set-tostringtag-2.1.0.tgz 9740ms (cache miss)
139 http fetch GET 200 https://registry.npmjs.org/call-bind/-/call-bind-1.0.9.tgz 9731ms (cache miss)
140 http fetch GET 200 https://registry.npmjs.org/es-object-atoms/-/es-object-atoms-1.1.2.tgz 9741ms (cache miss)
141 http fetch GET 200 https://registry.npmjs.org/es-to-primitive/-/es-to-primitive-1.3.4.tgz 9747ms (cache miss)
142 http fetch GET 200 https://registry.npmjs.org/arraybuffer.prototype.slice/-/arraybuffer.prototype.slice-1.0.4.tgz 9762ms (cache miss)
143 http fetch GET 200 https://registry.npmjs.org/safe-regex-test/-/safe-regex-test-1.1.0.tgz 9893ms (cache miss)
144 http fetch GET 200 https://registry.npmjs.org/callsites/-/callsites-3.1.0.tgz 9830ms (cache miss)
145 http fetch GET 200 https://registry.npmjs.org/optionator/-/optionator-0.9.4.tgz 9910ms (cache miss)
146 http fetch GET 200 https://registry.npmjs.org/safe-push-apply/-/safe-push-apply-1.0.0.tgz 9990ms (cache miss)
147 http fetch GET 200 https://registry.npmjs.org/@types/json-schema/-/json-schema-7.0.15.tgz 9906ms (cache miss)
148 http fetch GET 200 https://registry.npmjs.org/data-view-buffer/-/data-view-buffer-1.0.2.tgz 9950ms (cache miss)
149 http fetch GET 200 https://registry.npmjs.org/array.prototype.flatmap/-/array.prototype.flatmap-1.3.3.tgz 9946ms (cache miss)
150 http fetch GET 200 https://registry.npmjs.org/array.prototype.tosorted/-/array.prototype.tosorted-1.1.4.tgz 9946ms (cache miss)
151 http fetch GET 200 https://registry.npmjs.org/async-function/-/async-function-1.0.0.tgz 9948ms (cache miss)
152 http fetch GET 200 https://registry.npmjs.org/available-typed-arrays/-/available-typed-arrays-1.0.7.tgz 9950ms (cache miss)
153 http fetch GET 200 https://registry.npmjs.org/data-view-byte-length/-/data-view-byte-length-1.0.2.tgz 9962ms (cache miss)
154 http fetch GET 200 https://registry.npmjs.org/cross-spawn/-/cross-spawn-7.0.6.tgz 10044ms (cache miss)
155 http fetch GET 200 https://registry.npmjs.org/chalk/-/chalk-4.1.2.tgz 10045ms (cache miss)
156 http fetch GET 200 https://registry.npmjs.org/array-buffer-byte-length/-/array-buffer-byte-length-1.0.2.tgz 10033ms (cache miss)
157 http fetch GET 200 https://registry.npmjs.org/concat-map/-/concat-map-0.0.1.tgz 10053ms (cache miss)
158 http fetch GET 200 https://registry.npmjs.org/react-is/-/react-is-16.13.1.tgz 10290ms (cache miss)
159 http fetch GET 200 https://registry.npmjs.org/iterator.prototype/-/iterator.prototype-1.1.5.tgz 10265ms (cache miss)
160 http fetch GET 200 https://registry.npmjs.org/brace-expansion/-/brace-expansion-1.1.18.tgz 10250ms (cache miss)
161 http fetch GET 200 https://registry.npmjs.org/isexe/-/isexe-2.0.0.tgz 10400ms (cache miss)
162 http fetch GET 200 https://registry.npmjs.org/possible-typed-array-names/-/possible-typed-array-names-1.1.0.tgz 10452ms (cache miss)
163 http fetch GET 200 https://registry.npmjs.org/estraverse/-/estraverse-5.3.0.tgz 10444ms (cache miss)
164 http fetch GET 200 https://registry.npmjs.org/@types/json5/-/json5-0.0.29.tgz 10423ms (cache miss)
165 http fetch GET 200 https://registry.npmjs.org/array.prototype.flat/-/array.prototype.flat-1.3.3.tgz 10462ms (cache miss)
166 http fetch GET 200 https://registry.npmjs.org/set-function-length/-/set-function-length-1.2.2.tgz 10566ms (cache miss)
167 http fetch GET 200 https://registry.npmjs.org/safe-array-concat/-/safe-array-concat-1.1.4.tgz 10566ms (cache miss)
168 http fetch GET 200 https://registry.npmjs.org/array.prototype.findlast/-/array.prototype.findlast-1.2.5.tgz 10509ms (cache miss)
169 http fetch GET 200 https://registry.npmjs.org/@humanfs/node/-/node-0.16.8.tgz 10499ms (cache miss)
170 http fetch GET 200 https://registry.npmjs.org/@humanwhocodes/retry/-/retry-0.4.3.tgz 10500ms (cache miss)
171 http fetch GET 200 https://registry.npmjs.org/@eslint/object-schema/-/object-schema-2.1.7.tgz 10548ms (cache miss)
172 http fetch GET 200 https://registry.npmjs.org/array.prototype.findlastindex/-/array.prototype.findlastindex-1.2.6.tgz 10574ms (cache miss)
173 http fetch GET 200 https://registry.npmjs.org/@tailwindcss/oxide/-/oxide-4.3.3.tgz 10627ms (cache miss)
174 http fetch GET 200 https://registry.npmjs.org/@rtsao/scc/-/scc-1.1.0.tgz 10641ms (cache miss)
175 http fetch GET 200 https://registry.npmjs.org/ansi-styles/-/ansi-styles-4.3.0.tgz 10698ms (cache miss)
176 http fetch GET 200 https://registry.npmjs.org/acorn-jsx/-/acorn-jsx-5.3.2.tgz 10717ms (cache miss)
177 http fetch GET 200 https://registry.npmjs.org/side-channel-map/-/side-channel-map-1.0.1.tgz 10830ms (cache miss)
178 http fetch GET 200 https://registry.npmjs.org/side-channel/-/side-channel-1.1.1.tgz 10853ms (cache miss)
179 http fetch GET 200 https://registry.npmjs.org/globals/-/globals-14.0.0.tgz 10897ms (cache miss)
180 http fetch GET 200 https://registry.npmjs.org/micromatch/-/micromatch-4.0.8.tgz 10951ms (cache miss)
181 http fetch GET 200 https://registry.npmjs.org/argparse/-/argparse-2.0.1.tgz 10892ms (cache miss)
182 http fetch GET 200 https://registry.npmjs.org/@next/env/-/env-16.3.4.tgz 10887ms (cache miss)
183 http fetch GET 200 https://registry.npmjs.org/@jridgewell/resolve-uri/-/resolve-uri-3.1.2.tgz 10887ms (cache miss)
184 http fetch GET 200 https://registry.npmjs.org/@typescript-eslint/project-service/-/project-service-8.69.0.tgz 10928ms (cache miss)
185 http fetch GET 200 https://registry.npmjs.org/@jridgewell/remapping/-/remapping-2.3.5.tgz 10928ms (cache miss)
186 http fetch GET 200 https://registry.npmjs.org/@nodelib/fs.scandir/-/fs.scandir-2.1.5.tgz 10935ms (cache miss)
187 http fetch GET 200 https://registry.npmjs.org/semver/-/semver-6.3.1.tgz 11051ms (cache miss)
188 http fetch GET 200 https://registry.npmjs.org/ts-api-utils/-/ts-api-utils-2.5.0.tgz 11086ms (cache miss)
189 http fetch GET 200 https://registry.npmjs.org/@humanfs/types/-/types-0.15.0.tgz 11000ms (cache miss)
190 http fetch GET 200 https://registry.npmjs.org/@nodelib/fs.stat/-/fs.stat-2.0.5.tgz 11065ms (cache miss)
191 http fetch GET 200 https://registry.npmjs.org/@nolyfill/is-core-module/-/is-core-module-1.0.39.tgz 11118ms (cache miss)
192 http fetch GET 200 https://registry.npmjs.org/side-channel-list/-/side-channel-list-1.0.1.tgz 11215ms (cache miss)
193 http fetch GET 200 https://registry.npmjs.org/@types/estree/-/estree-1.0.9.tgz 11133ms (cache miss)
194 http fetch GET 200 https://registry.npmjs.org/@humanwhocodes/module-importer/-/module-importer-1.0.1.tgz 11247ms (cache miss)
195 http fetch GET 200 https://registry.npmjs.org/tslib/-/tslib-2.8.1.tgz 11372ms (cache miss)
196 http fetch GET 200 https://registry.npmjs.org/@babel/helper-module-imports/-/helper-module-imports-7.29.7.tgz 11263ms (cache miss)
197 http fetch GET 200 https://registry.npmjs.org/@babel/helper-globals/-/helper-globals-7.29.7.tgz 11295ms (cache miss)
198 http fetch GET 200 https://registry.npmjs.org/string.prototype.repeat/-/string.prototype.repeat-1.0.0.tgz 11485ms (cache miss)
199 http fetch GET 200 https://registry.npmjs.org/@eslint/js/-/js-9.39.5.tgz 11501ms (cache miss)
200 http fetch GET 200 https://registry.npmjs.org/ast-types-flow/-/ast-types-flow-0.0.8.tgz 11593ms (cache miss)
201 http fetch GET 200 https://registry.npmjs.org/own-keys/-/own-keys-1.0.2.tgz 11814ms (cache miss)
202 http fetch GET 200 https://registry.npmjs.org/@babel/helper-validator-option/-/helper-validator-option-7.29.7.tgz 11754ms (cache miss)
203 http fetch GET 200 https://registry.npmjs.org/eslint-visitor-keys/-/eslint-visitor-keys-3.4.3.tgz 11739ms (cache miss)
204 http fetch GET 200 https://registry.npmjs.org/flat-cache/-/flat-cache-4.0.1.tgz 11929ms (cache miss)
205 http fetch GET 200 https://registry.npmjs.org/is-core-module/-/is-core-module-2.16.2.tgz 11956ms (cache miss)
206 http fetch GET 200 https://registry.npmjs.org/@babel/code-frame/-/code-frame-7.29.7.tgz 11941ms (cache miss)
207 http fetch GET 200 https://registry.npmjs.org/fdir/-/fdir-6.5.0.tgz 11944ms (cache miss)
208 http fetch GET 200 https://registry.npmjs.org/@alloc/quick-lru/-/quick-lru-5.3.0.tgz 11946ms (cache miss)
209 http fetch GET 200 https://registry.npmjs.org/glob-parent/-/glob-parent-5.1.2.tgz 12033ms (cache miss)
210 http fetch GET 200 https://registry.npmjs.org/json-schema-traverse/-/json-schema-traverse-0.4.1.tgz 12157ms (cache miss)
211 http fetch GET 200 https://registry.npmjs.org/eslint-visitor-keys/-/eslint-visitor-keys-5.0.1.tgz 12111ms (cache miss)
212 http fetch GET 200 https://registry.npmjs.org/object-keys/-/object-keys-1.1.1.tgz 12282ms (cache miss)
213 http fetch GET 200 https://registry.npmjs.org/prelude-ls/-/prelude-ls-1.2.1.tgz 12483ms (cache miss)
214 http fetch GET 200 https://registry.npmjs.org/eslint-visitor-keys/-/eslint-visitor-keys-3.4.3.tgz 12393ms (cache miss)
215 http fetch GET 200 https://registry.npmjs.org/balanced-match/-/balanced-match-4.0.4.tgz 12413ms (cache miss)
216 http fetch GET 200 https://registry.npmjs.org/get-intrinsic/-/get-intrinsic-1.3.0.tgz 12556ms (cache miss)
217 http fetch GET 200 https://registry.npmjs.org/set-proto/-/set-proto-1.0.0.tgz 12832ms (cache miss)
218 http fetch GET 200 https://registry.npmjs.org/@img/colour/-/colour-1.1.0.tgz 12809ms (cache miss)
219 http fetch GET 200 https://registry.npmjs.org/is-weakref/-/is-weakref-1.1.1.tgz 12876ms (cache miss)
220 http fetch GET 200 https://registry.npmjs.org/esutils/-/esutils-2.0.3.tgz 12866ms (cache miss)
221 http fetch GET 200 https://registry.npmjs.org/is-regex/-/is-regex-1.2.1.tgz 12919ms (cache miss)
222 http fetch GET 200 https://registry.npmjs.org/is-string/-/is-string-1.1.1.tgz 12939ms (cache miss)
223 http fetch GET 200 https://registry.npmjs.org/@babel/helper-string-parser/-/helper-string-parser-7.29.7.tgz 12870ms (cache miss)
224 http fetch GET 200 https://registry.npmjs.org/is-shared-array-buffer/-/is-shared-array-buffer-1.0.4.tgz 12984ms (cache miss)
225 http fetch GET 200 https://registry.npmjs.org/string.prototype.trimstart/-/string.prototype.trimstart-1.0.8.tgz 13068ms (cache miss)
226 http fetch GET 200 https://registry.npmjs.org/is-finalizationregistry/-/is-finalizationregistry-1.1.1.tgz 13055ms (cache miss)
227 http fetch GET 200 https://registry.npmjs.org/is-bigint/-/is-bigint-1.1.0.tgz 13142ms (cache miss)
228 http fetch GET 200 https://registry.npmjs.org/functions-have-names/-/functions-have-names-1.2.3.tgz 13185ms (cache miss)
229 http fetch GET 200 https://registry.npmjs.org/is-async-function/-/is-async-function-2.1.1.tgz 13227ms (cache miss)
230 http fetch GET 200 https://registry.npmjs.org/debug/-/debug-4.4.3.tgz 13227ms (cache miss)
231 http fetch GET 200 https://registry.npmjs.org/define-properties/-/define-properties-1.2.1.tgz 13239ms (cache miss)
232 http fetch GET 200 https://registry.npmjs.org/has-bigints/-/has-bigints-1.1.0.tgz 13263ms (cache miss)
233 http fetch GET 200 https://registry.npmjs.org/get-tsconfig/-/get-tsconfig-4.14.3.tgz 13285ms (cache miss)
234 http fetch GET 200 https://registry.npmjs.org/@eslint/core/-/core-0.17.0.tgz 13271ms (cache miss)
235 http fetch GET 200 https://registry.npmjs.org/prop-types/-/prop-types-15.8.1.tgz 13390ms (cache miss)
236 http fetch GET 200 https://registry.npmjs.org/reusify/-/reusify-1.1.0.tgz 13445ms (cache miss)
237 http fetch GET 200 https://registry.npmjs.org/detect-libc/-/detect-libc-2.1.2.tgz 13390ms (cache miss)
238 http fetch GET 200 https://registry.npmjs.org/is-symbol/-/is-symbol-1.1.1.tgz 13425ms (cache miss)
239 http fetch GET 200 https://registry.npmjs.org/is-weakset/-/is-weakset-2.0.4.tgz 13428ms (cache miss)
240 http fetch GET 200 https://registry.npmjs.org/is-date-object/-/is-date-object-1.1.0.tgz 13441ms (cache miss)
241 http fetch GET 200 https://registry.npmjs.org/string.prototype.trimend/-/string.prototype.trimend-1.0.10.tgz 13493ms (cache miss)
242 http fetch GET 200 https://registry.npmjs.org/gopd/-/gopd-1.2.0.tgz 13585ms (cache miss)
243 http fetch GET 200 https://registry.npmjs.org/is-set/-/is-set-2.0.3.tgz 13823ms (cache miss)
244 http fetch GET 200 https://registry.npmjs.org/deep-is/-/deep-is-0.1.4.tgz 13796ms (cache miss)
245 http fetch GET 200 https://registry.npmjs.org/ignore/-/ignore-7.0.8.tgz 13763ms (cache miss)
246 http fetch GET 200 https://registry.npmjs.org/eslint-import-resolver-typescript/-/eslint-import-resolver-typescript-3.10.1.tgz 13852ms (cache miss)
247 http fetch GET 200 https://registry.npmjs.org/is-map/-/is-map-2.0.3.tgz 13926ms (cache miss)
248 http fetch GET 200 https://registry.npmjs.org/@tailwindcss/postcss/-/postcss-4.3.3.tgz 13923ms (cache miss)
249 http fetch GET 200 https://registry.npmjs.org/string.prototype.matchall/-/string.prototype.matchall-4.1.0.tgz 14269ms (cache miss)
250 http fetch GET 200 https://registry.npmjs.org/is-generator-function/-/is-generator-function-1.1.2.tgz 14244ms (cache miss)
251 http fetch GET 200 https://registry.npmjs.org/get-symbol-description/-/get-symbol-description-1.1.0.tgz 14266ms (cache miss)
252 http fetch GET 200 https://registry.npmjs.org/doctrine/-/doctrine-2.1.0.tgz 14267ms (cache miss)
253 http fetch GET 200 https://registry.npmjs.org/globals/-/globals-16.4.0.tgz 14264ms (cache miss)
254 http fetch GET 200 https://registry.npmjs.org/browserslist/-/browserslist-4.28.8.tgz 14365ms (cache miss)
255 http fetch GET 200 https://registry.npmjs.org/espree/-/espree-10.4.0.tgz 14402ms (cache miss)
256 http fetch GET 200 https://registry.npmjs.org/string.prototype.trim/-/string.prototype.trim-1.2.11.tgz 14471ms (cache miss)
257 http fetch GET 200 https://registry.npmjs.org/@typescript-eslint/parser/-/parser-8.69.0.tgz 14464ms (cache miss)
258 http fetch GET 200 https://registry.npmjs.org/function-bind/-/function-bind-1.1.2.tgz 14522ms (cache miss)
259 http fetch GET 200 https://registry.npmjs.org/zod-validation-error/-/zod-validation-error-4.0.2.tgz 14610ms (cache miss)
260 http fetch GET 200 https://registry.npmjs.org/escalade/-/escalade-3.2.0.tgz 14621ms (cache miss)
261 http fetch GET 200 https://registry.npmjs.org/object.groupby/-/object.groupby-1.0.3.tgz 14834ms (cache miss)
262 http fetch GET 200 https://registry.npmjs.org/scheduler/-/scheduler-0.27.0.tgz 14850ms (cache miss)
263 http fetch GET 200 https://registry.npmjs.org/braces/-/braces-3.0.3.tgz 14816ms (cache miss)
264 http fetch GET 200 https://registry.npmjs.org/picomatch/-/picomatch-2.3.2.tgz 14888ms (cache miss)
265 http fetch GET 200 https://registry.npmjs.org/@typescript-eslint/tsconfig-utils/-/tsconfig-utils-8.69.0.tgz 14957ms (cache miss)
266 http fetch GET 200 https://registry.npmjs.org/debug/-/debug-3.2.7.tgz 14981ms (cache miss)
267 http fetch GET 200 https://registry.npmjs.org/debug/-/debug-3.2.7.tgz 15000ms (cache miss)
268 http fetch GET 200 https://registry.npmjs.org/debug/-/debug-3.2.7.tgz 15027ms (cache miss)
269 http fetch GET 200 https://registry.npmjs.org/regexp.prototype.flags/-/regexp.prototype.flags-1.5.4.tgz 15141ms (cache miss)
270 http fetch GET 200 https://registry.npmjs.org/baseline-browser-mapping/-/baseline-browser-mapping-2.11.20.tgz 15124ms (cache miss)
271 http fetch GET 200 https://registry.npmjs.org/@babel/helper-validator-identifier/-/helper-validator-identifier-7.29.7.tgz 15133ms (cache miss)
272 http fetch GET 200 https://registry.npmjs.org/object.values/-/object.values-1.2.1.tgz 15239ms (cache miss)
273 http fetch GET 200 https://registry.npmjs.org/@typescript-eslint/visitor-keys/-/visitor-keys-8.69.0.tgz 15305ms (cache miss)
274 http fetch GET 200 https://registry.npmjs.org/object.fromentries/-/object.fromentries-2.0.8.tgz 15413ms (cache miss)
275 http fetch GET 200 https://registry.npmjs.org/electron-to-chromium/-/electron-to-chromium-1.5.419.tgz 15435ms (cache miss)
276 http fetch GET 200 https://registry.npmjs.org/dunder-proto/-/dunder-proto-1.0.1.tgz 15720ms (cache miss)
277 http fetch GET 200 https://registry.npmjs.org/picomatch/-/picomatch-4.0.7.tgz 15730ms (cache miss)
278 http fetch GET 200 https://registry.npmjs.org/has-symbols/-/has-symbols-1.1.0.tgz 15866ms (cache miss)
279 http fetch GET 200 https://registry.npmjs.org/tapable/-/tapable-2.3.3.tgz 15912ms (cache miss)
280 http fetch GET 200 https://registry.npmjs.org/globalthis/-/globalthis-1.0.4.tgz 16065ms (cache miss)
281 http fetch GET 200 https://registry.npmjs.org/@eslint-community/regexpp/-/regexpp-4.12.2.tgz 16089ms (cache miss)
282 http fetch GET 200 https://registry.npmjs.org/@tailwindcss/node/-/node-4.3.3.tgz 16150ms (cache miss)
283 http fetch GET 200 https://registry.npmjs.org/@eslint/config-helpers/-/config-helpers-0.4.2.tgz 16167ms (cache miss)
284 http fetch GET 200 https://registry.npmjs.org/json5/-/json5-1.0.2.tgz 16185ms (cache miss)
285 http fetch GET 200 https://registry.npmjs.org/@humanfs/core/-/core-0.19.2.tgz 16200ms (cache miss)
286 http fetch GET 200 https://registry.npmjs.org/magic-string/-/magic-string-0.30.21.tgz 16306ms (cache miss)
287 http fetch GET 200 https://registry.npmjs.org/@eslint/plugin-kit/-/plugin-kit-0.4.1.tgz 16234ms (cache miss)
288 http fetch GET 200 https://registry.npmjs.org/string.prototype.includes/-/string.prototype.includes-2.0.1.tgz 16367ms (cache miss)
289 http fetch GET 200 https://registry.npmjs.org/array-includes/-/array-includes-3.1.9.tgz 16370ms (cache miss)
290 http fetch GET 200 https://registry.npmjs.org/@eslint-community/eslint-utils/-/eslint-utils-4.10.1.tgz 16434ms (cache miss)
291 http fetch GET 200 https://registry.npmjs.org/eslint-scope/-/eslint-scope-8.4.0.tgz 16536ms (cache miss)
292 http fetch GET 200 https://registry.npmjs.org/object.assign/-/object.assign-4.1.7.tgz 16611ms (cache miss)
293 http fetch GET 200 https://registry.npmjs.org/@eslint-community/eslint-utils/-/eslint-utils-4.9.1.tgz 16549ms (cache miss)
294 http fetch GET 200 https://registry.npmjs.org/@babel/compat-data/-/compat-data-7.29.7.tgz 16599ms (cache miss)
295 http fetch GET 200 https://registry.npmjs.org/es-abstract-get/-/es-abstract-get-1.0.0.tgz 16654ms (cache miss)
296 http fetch GET 200 https://registry.npmjs.org/source-map-js/-/source-map-js-1.2.1.tgz 16743ms (cache miss)
297 http fetch GET 200 https://registry.npmjs.org/es-errors/-/es-errors-1.3.0.tgz 16770ms (cache miss)
298 http fetch GET 200 https://registry.npmjs.org/lightningcss/-/lightningcss-1.32.0.tgz 16855ms (cache miss)
299 http fetch GET 200 https://registry.npmjs.org/@typescript-eslint/types/-/types-8.69.0.tgz 16847ms (cache miss)
300 http fetch GET 200 https://registry.npmjs.org/acorn/-/acorn-8.18.0.tgz 16850ms (cache miss)
301 http fetch GET 200 https://registry.npmjs.org/brace-expansion/-/brace-expansion-5.0.9.tgz 17148ms (cache miss)
302 http fetch GET 200 https://registry.npmjs.org/hermes-estree/-/hermes-estree-0.25.1.tgz 17237ms (cache miss)
303 http fetch GET 200 https://registry.npmjs.org/@babel/helper-compilation-targets/-/helper-compilation-targets-7.29.7.tgz 17255ms (cache miss)
304 http fetch GET 200 https://registry.npmjs.org/minimist/-/minimist-1.2.8.tgz 17462ms (cache miss)
305 http fetch GET 200 https://registry.npmjs.org/json5/-/json5-2.2.3.tgz 17459ms (cache miss)
306 http fetch GET 200 https://registry.npmjs.org/@babel/helper-module-transforms/-/helper-module-transforms-7.29.7.tgz 17406ms (cache miss)
307 http fetch GET 200 https://registry.npmjs.org/@babel/template/-/template-7.29.7.tgz 17524ms (cache miss)
308 http fetch GET 200 https://registry.npmjs.org/napi-postinstall/-/napi-postinstall-0.3.4.tgz 17690ms (cache miss)
309 http fetch GET 200 https://registry.npmjs.org/@eslint/config-array/-/config-array-0.21.2.tgz 17958ms (cache miss)
310 http fetch GET 200 https://registry.npmjs.org/react/-/react-19.2.8.tgz 18128ms (cache miss)
311 http fetch GET 200 https://registry.npmjs.org/eslint-module-utils/-/eslint-module-utils-2.14.0.tgz 18112ms (cache miss)
312 http fetch GET 200 https://registry.npmjs.org/styled-jsx/-/styled-jsx-5.1.6.tgz 18432ms (cache miss)
313 http fetch GET 200 https://registry.npmjs.org/esquery/-/esquery-1.7.0.tgz 19027ms (cache miss)
314 http fetch GET 200 https://registry.npmjs.org/node-exports-info/-/node-exports-info-1.6.2.tgz 19194ms (cache miss)
315 http fetch GET 200 https://registry.npmjs.org/@unrs/resolver-binding-win32-x64-msvc/-/resolver-binding-win32-x64-msvc-1.12.2.tgz 20346ms (cache miss)
316 http fetch GET 200 https://registry.npmjs.org/object-inspect/-/object-inspect-1.13.4.tgz 20607ms (cache miss)
317 http fetch GET 200 https://registry.npmjs.org/@nodelib/fs.walk/-/fs.walk-1.2.8.tgz 20763ms (cache miss)
318 http fetch GET 200 https://registry.npmjs.org/@babel/parser/-/parser-7.29.8.tgz 20903ms (cache miss)
319 http fetch GET 200 https://registry.npmjs.org/@jridgewell/sourcemap-codec/-/sourcemap-codec-1.6.0.tgz 21280ms (cache miss)
320 http fetch GET 200 https://registry.npmjs.org/jiti/-/jiti-2.7.0.tgz 21366ms (cache miss)
321 http fetch GET 200 https://registry.npmjs.org/@jridgewell/gen-mapping/-/gen-mapping-0.3.13.tgz 21323ms (cache miss)
322 http fetch GET 200 https://registry.npmjs.org/language-subtag-registry/-/language-subtag-registry-0.3.23.tgz 21771ms (cache miss)
323 http fetch GET 200 https://registry.npmjs.org/tailwindcss/-/tailwindcss-4.3.3.tgz 22884ms (cache miss)
324 http fetch GET 200 https://registry.npmjs.org/@tailwindcss/oxide-win32-x64-msvc/-/oxide-win32-x64-msvc-4.3.3.tgz 23052ms (cache miss)
325 http fetch GET 200 https://registry.npmjs.org/@eslint/eslintrc/-/eslintrc-3.3.7.tgz 23392ms (cache miss)
326 http fetch GET 200 https://registry.npmjs.org/eslint-plugin-react-hooks/-/eslint-plugin-react-hooks-7.1.1.tgz 23969ms (cache miss)
327 http fetch GET 200 https://registry.npmjs.org/@typescript-eslint/type-utils/-/type-utils-8.69.0.tgz 24194ms (cache miss)
328 http fetch GET 200 https://registry.npmjs.org/semver/-/semver-7.8.5.tgz 24186ms (cache miss)
329 http fetch GET 200 https://registry.npmjs.org/semver/-/semver-7.8.5.tgz 24221ms (cache miss)
330 http fetch GET 200 https://registry.npmjs.org/@jridgewell/trace-mapping/-/trace-mapping-0.3.31.tgz 24240ms (cache miss)
331 http fetch GET 200 https://registry.npmjs.org/semver/-/semver-7.8.5.tgz 24238ms (cache miss)
332 http fetch GET 200 https://registry.npmjs.org/js-yaml/-/js-yaml-4.3.2.tgz 24376ms (cache miss)
333 http fetch GET 200 https://registry.npmjs.org/postcss/-/postcss-8.5.26.tgz 24649ms (cache miss)
334 http fetch GET 200 https://registry.npmjs.org/sharp/-/sharp-0.35.4.tgz 24828ms (cache miss)
335 http fetch GET 200 https://registry.npmjs.org/postcss/-/postcss-8.5.23.tgz 24892ms (cache miss)
336 http fetch GET 200 https://registry.npmjs.org/uri-js/-/uri-js-4.4.1.tgz 25058ms (cache miss)
337 http fetch GET 200 https://registry.npmjs.org/@babel/generator/-/generator-7.29.8.tgz 25000ms (cache miss)
338 http fetch GET 200 https://registry.npmjs.org/axe-core/-/axe-core-4.13.0.tgz 25199ms (cache miss)
339 http fetch GET 200 https://registry.npmjs.org/enhanced-resolve/-/enhanced-resolve-5.24.5.tgz 25226ms (cache miss)
340 http fetch GET 200 https://registry.npmjs.org/hermes-parser/-/hermes-parser-0.25.1.tgz 25385ms (cache miss)
341 http fetch GET 200 https://registry.npmjs.org/fast-glob/-/fast-glob-3.3.1.tgz 25756ms (cache miss)
342 http fetch GET 200 https://registry.npmjs.org/@next/eslint-plugin-next/-/eslint-plugin-next-16.3.4.tgz 25776ms (cache miss)
343 http fetch GET 200 https://registry.npmjs.org/minimatch/-/minimatch-10.2.6.tgz 26016ms (cache miss)
344 http fetch GET 200 https://registry.npmjs.org/tsconfig-paths/-/tsconfig-paths-3.15.0.tgz 27266ms (cache miss)
345 http fetch GET 200 https://registry.npmjs.org/@babel/traverse/-/traverse-7.29.8.tgz 28819ms (cache miss)
346 http fetch GET 200 https://registry.npmjs.org/@typescript-eslint/typescript-estree/-/typescript-estree-8.69.0.tgz 30357ms (cache miss)
347 http fetch GET 200 https://registry.npmjs.org/@typescript-eslint/utils/-/utils-8.69.0.tgz 30565ms (cache miss)
348 http fetch GET 200 https://registry.npmjs.org/lightningcss-win32-x64-msvc/-/lightningcss-win32-x64-msvc-1.32.0.tgz 30935ms (cache miss)
349 http fetch GET 200 https://registry.npmjs.org/ajv/-/ajv-6.15.0.tgz 32107ms (cache miss)
350 http fetch GET 200 https://registry.npmjs.org/react-dom/-/react-dom-19.2.8.tgz 32201ms (cache miss)
351 http fetch GET 200 https://registry.npmjs.org/jsx-ast-utils/-/jsx-ast-utils-3.3.5.tgz 32712ms (cache miss)
352 http fetch GET 200 https://registry.npmjs.org/resolve/-/resolve-2.0.0-next.7.tgz 33299ms (cache miss)
353 http fetch GET 200 https://registry.npmjs.org/es-iterator-helpers/-/es-iterator-helpers-1.4.0.tgz 33440ms (cache miss)
354 http fetch GET 200 https://registry.npmjs.org/eslint-plugin-import/-/eslint-plugin-import-2.32.0.tgz 35462ms (cache miss)
355 http fetch GET 200 https://registry.npmjs.org/@babel/core/-/core-7.29.7.tgz 35440ms (cache miss)
356 http fetch GET 200 https://registry.npmjs.org/leaflet/-/leaflet-1.9.4.tgz 35948ms (cache miss)
357 http fetch GET 200 https://registry.npmjs.org/axobject-query/-/axobject-query-4.1.0.tgz 36373ms (cache miss)
358 http fetch GET 200 https://registry.npmjs.org/@img/sharp-win32-x64/-/sharp-win32-x64-0.35.4.tgz 37475ms (cache miss)
359 http fetch GET 200 https://registry.npmjs.org/@babel/types/-/types-7.29.8.tgz 38458ms (cache miss)
360 http fetch GET 200 https://registry.npmjs.org/aria-query/-/aria-query-5.3.2.tgz 38998ms (cache miss)
361 http fetch GET 200 https://registry.npmjs.org/@babel/helpers/-/helpers-7.29.7.tgz 39897ms (cache miss)
362 http fetch GET 200 https://registry.npmjs.org/eslint-plugin-jsx-a11y/-/eslint-plugin-jsx-a11y-6.10.2.tgz 39987ms (cache miss)
363 http fetch GET 200 https://registry.npmjs.org/typescript/-/typescript-6.0.3.tgz 41539ms (cache miss)
364 http fetch GET 200 https://registry.npmjs.org/@swc/helpers/-/helpers-0.5.23.tgz 41756ms (cache miss)
365 http fetch GET 200 https://registry.npmjs.org/@typescript-eslint/scope-manager/-/scope-manager-8.69.0.tgz 42003ms (cache miss)
366 http fetch GET 200 https://registry.npmjs.org/eslint-plugin-react/-/eslint-plugin-react-7.37.5.tgz 43477ms (cache miss)
367 http fetch GET 200 https://registry.npmjs.org/eslint/-/eslint-9.39.5.tgz 46394ms (cache miss)
368 warn deprecated eslint@9.39.5: This version is no longer supported. Please see https://eslint.org/version-support for other options.
369 http fetch GET 200 https://registry.npmjs.org/@typescript-eslint/eslint-plugin/-/eslint-plugin-8.69.0.tgz 47410ms (cache miss)
370 http fetch GET 200 https://registry.npmjs.org/@next/swc-win32-x64-msvc/-/swc-win32-x64-msvc-16.3.4.tgz 50650ms (cache miss)
371 http fetch GET 200 https://registry.npmjs.org/caniuse-lite/-/caniuse-lite-1.0.30001810.tgz 52327ms (cache miss)
372 http fetch GET 200 https://registry.npmjs.org/zod/-/zod-4.5.4.tgz 55012ms (cache miss)
373 http fetch GET 200 https://registry.npmjs.org/es-abstract/-/es-abstract-1.24.2.tgz 60467ms (cache miss)
374 http fetch GET 200 https://registry.npmjs.org/next/-/next-16.3.4.tgz 113556ms (cache miss)
375 info run unrs-resolver@1.12.2 postinstall node_modules/unrs-resolver node postinstall.js
376 info run unrs-resolver@1.12.2 postinstall { code: 0, signal: null }
377 silly ADD node_modules/zod-validation-error
378 silly ADD node_modules/zod
379 silly ADD node_modules/yocto-queue
380 silly ADD node_modules/yallist
381 silly ADD node_modules/word-wrap
382 silly ADD node_modules/which-typed-array
383 silly ADD node_modules/which-collection
384 silly ADD node_modules/which-builtin-type
385 silly ADD node_modules/which-boxed-primitive
386 silly ADD node_modules/which
387 silly ADD node_modules/uri-js
388 silly ADD node_modules/update-browserslist-db
389 silly ADD node_modules/unrs-resolver
390 silly ADD node_modules/unbox-primitive
391 silly ADD node_modules/typescript-eslint
392 silly ADD node_modules/typescript
393 silly ADD node_modules/typed-array-length
394 silly ADD node_modules/typed-array-byte-offset
395 silly ADD node_modules/typed-array-byte-length
396 silly ADD node_modules/typed-array-buffer
397 silly ADD node_modules/type-check
398 silly ADD node_modules/tslib
399 silly ADD node_modules/tsconfig-paths
400 silly ADD node_modules/tsconfig-paths/node_modules/json5
401 silly ADD node_modules/ts-api-utils
402 silly ADD node_modules/to-regex-range
403 silly ADD node_modules/tinyglobby
404 silly ADD node_modules/tinyglobby/node_modules/picomatch
405 silly ADD node_modules/tinyglobby/node_modules/fdir
406 silly ADD node_modules/tapable
407 silly ADD node_modules/tailwindcss
408 silly ADD node_modules/supports-preserve-symlinks-flag
409 silly ADD node_modules/supports-color
410 silly ADD node_modules/styled-jsx
411 silly ADD node_modules/strip-json-comments
412 silly ADD node_modules/strip-bom
413 silly ADD node_modules/string.prototype.trimstart
414 silly ADD node_modules/string.prototype.trimend
415 silly ADD node_modules/string.prototype.trim
416 silly ADD node_modules/string.prototype.repeat
417 silly ADD node_modules/string.prototype.matchall
418 silly ADD node_modules/string.prototype.includes
419 silly ADD node_modules/stop-iteration-iterator
420 silly ADD node_modules/stable-hash
421 silly ADD node_modules/source-map-js
422 silly ADD node_modules/side-channel-weakmap
423 silly ADD node_modules/side-channel-map
424 silly ADD node_modules/side-channel-list
425 silly ADD node_modules/side-channel
426 silly ADD node_modules/shebang-regex
427 silly ADD node_modules/shebang-command
428 silly ADD node_modules/sharp
429 silly ADD node_modules/sharp/node_modules/semver
430 silly ADD node_modules/set-proto
431 silly ADD node_modules/set-function-name
432 silly ADD node_modules/set-function-length
433 silly ADD node_modules/semver
434 silly ADD node_modules/scheduler
435 silly ADD node_modules/safe-regex-test
436 silly ADD node_modules/safe-push-apply
437 silly ADD node_modules/safe-array-concat
438 silly ADD node_modules/run-parallel
439 silly ADD node_modules/reusify
440 silly ADD node_modules/resolve-pkg-maps
441 silly ADD node_modules/resolve-from
442 silly ADD node_modules/resolve
443 silly ADD node_modules/regexp.prototype.flags
444 silly ADD node_modules/reflect.getprototypeof
445 silly ADD node_modules/react-is
446 silly ADD node_modules/react-dom
447 silly ADD node_modules/react
448 silly ADD node_modules/queue-microtask
449 silly ADD node_modules/punycode
450 silly ADD node_modules/prop-types
451 silly ADD node_modules/prelude-ls
452 silly ADD node_modules/postcss
453 silly ADD node_modules/possible-typed-array-names
454 silly ADD node_modules/picomatch
455 silly ADD node_modules/picocolors
456 silly ADD node_modules/path-parse
457 silly ADD node_modules/path-key
458 silly ADD node_modules/path-exists
459 silly ADD node_modules/parent-module
460 silly ADD node_modules/p-locate
461 silly ADD node_modules/p-limit
462 silly ADD node_modules/own-keys
463 silly ADD node_modules/optionator
464 silly ADD node_modules/object.values
465 silly ADD node_modules/object.groupby
466 silly ADD node_modules/object.fromentries
467 silly ADD node_modules/object.entries
468 silly ADD node_modules/object.assign
469 silly ADD node_modules/object-keys
470 silly ADD node_modules/object-inspect
471 silly ADD node_modules/object-assign
472 silly ADD node_modules/node-releases
473 silly ADD node_modules/node-exports-info
474 silly ADD node_modules/next
475 silly ADD node_modules/next/node_modules/postcss
476 silly ADD node_modules/natural-compare
477 silly ADD node_modules/napi-postinstall
478 silly ADD node_modules/nanoid
479 silly ADD node_modules/ms
480 silly ADD node_modules/minimist
481 silly ADD node_modules/minimatch
482 silly ADD node_modules/micromatch
483 silly ADD node_modules/merge2
484 silly ADD node_modules/math-intrinsics
485 silly ADD node_modules/magic-string
486 silly ADD node_modules/lru-cache
487 silly ADD node_modules/loose-envify
488 silly ADD node_modules/lodash.merge
489 silly ADD node_modules/locate-path
490 silly ADD node_modules/lightningcss-win32-x64-msvc
491 silly ADD node_modules/lightningcss
492 silly ADD node_modules/levn
493 silly ADD node_modules/leaflet
494 silly ADD node_modules/language-tags
495 silly ADD node_modules/language-subtag-registry
496 silly ADD node_modules/keyv
497 silly ADD node_modules/jsx-ast-utils
498 silly ADD node_modules/json5
499 silly ADD node_modules/json-stable-stringify-without-jsonify
500 silly ADD node_modules/json-schema-traverse
501 silly ADD node_modules/json-buffer
502 silly ADD node_modules/jsesc
503 silly ADD node_modules/js-yaml
504 silly ADD node_modules/js-tokens
505 silly ADD node_modules/jiti
506 silly ADD node_modules/iterator.prototype
507 silly ADD node_modules/isexe
508 silly ADD node_modules/isarray
509 silly ADD node_modules/is-weakset
510 silly ADD node_modules/is-weakref
511 silly ADD node_modules/is-weakmap
512 silly ADD node_modules/is-typed-array
513 silly ADD node_modules/is-symbol
514 silly ADD node_modules/is-string
515 silly ADD node_modules/is-shared-array-buffer
516 silly ADD node_modules/is-set
517 silly ADD node_modules/is-regex
518 silly ADD node_modules/is-number-object
519 silly ADD node_modules/is-number
520 silly ADD node_modules/is-negative-zero
521 silly ADD node_modules/is-map
522 silly ADD node_modules/is-glob
523 silly ADD node_modules/is-generator-function
524 silly ADD node_modules/is-finalizationregistry
525 silly ADD node_modules/is-extglob
526 silly ADD node_modules/is-document.all
527 silly ADD node_modules/is-date-object
528 silly ADD node_modules/is-data-view
529 silly ADD node_modules/is-core-module
530 silly ADD node_modules/is-callable
531 silly ADD node_modules/is-bun-module
532 silly ADD node_modules/is-bun-module/node_modules/semver
533 silly ADD node_modules/is-boolean-object
534 silly ADD node_modules/is-bigint
535 silly ADD node_modules/is-async-function
536 silly ADD node_modules/is-array-buffer
537 silly ADD node_modules/internal-slot
538 silly ADD node_modules/imurmurhash
539 silly ADD node_modules/import-fresh
540 silly ADD node_modules/ignore
541 silly ADD node_modules/hermes-parser
542 silly ADD node_modules/hermes-estree
543 silly ADD node_modules/hasown
544 silly ADD node_modules/has-tostringtag
545 silly ADD node_modules/has-symbols
546 silly ADD node_modules/has-proto
547 silly ADD node_modules/has-property-descriptors
548 silly ADD node_modules/has-flag
549 silly ADD node_modules/has-bigints
550 silly ADD node_modules/graceful-fs
551 silly ADD node_modules/gopd
552 silly ADD node_modules/globalthis
553 silly ADD node_modules/globals
554 silly ADD node_modules/glob-parent
555 silly ADD node_modules/get-tsconfig
556 silly ADD node_modules/get-symbol-description
557 silly ADD node_modules/get-proto
558 silly ADD node_modules/get-intrinsic
559 silly ADD node_modules/gensync
560 silly ADD node_modules/generator-function
561 silly ADD node_modules/functions-have-names
562 silly ADD node_modules/function.prototype.name
563 silly ADD node_modules/function-bind
564 silly ADD node_modules/for-each
565 silly ADD node_modules/flatted
566 silly ADD node_modules/flat-cache
567 silly ADD node_modules/find-up
568 silly ADD node_modules/fill-range
569 silly ADD node_modules/file-entry-cache
570 silly ADD node_modules/fastq
571 silly ADD node_modules/fast-levenshtein
572 silly ADD node_modules/fast-json-stable-stringify
573 silly ADD node_modules/fast-glob
574 silly ADD node_modules/fast-glob/node_modules/glob-parent
575 silly ADD node_modules/fast-deep-equal
576 silly ADD node_modules/esutils
577 silly ADD node_modules/estraverse
578 silly ADD node_modules/esrecurse
579 silly ADD node_modules/esquery
580 silly ADD node_modules/espree
581 silly ADD node_modules/eslint-visitor-keys
582 silly ADD node_modules/eslint-scope
583 silly ADD node_modules/eslint-plugin-react-hooks
584 silly ADD node_modules/eslint-plugin-react
585 silly ADD node_modules/eslint-plugin-jsx-a11y
586 silly ADD node_modules/eslint-plugin-import
587 silly ADD node_modules/eslint-plugin-import/node_modules/debug
588 silly ADD node_modules/eslint-module-utils
589 silly ADD node_modules/eslint-module-utils/node_modules/debug
590 silly ADD node_modules/eslint-import-resolver-typescript
591 silly ADD node_modules/eslint-import-resolver-node
592 silly ADD node_modules/eslint-import-resolver-node/node_modules/debug
593 silly ADD node_modules/eslint-config-next
594 silly ADD node_modules/eslint-config-next/node_modules/globals
595 silly ADD node_modules/eslint
596 silly ADD node_modules/escape-string-regexp
597 silly ADD node_modules/escalade
598 silly ADD node_modules/es-to-primitive
599 silly ADD node_modules/es-shim-unscopables
600 silly ADD node_modules/es-set-tostringtag
601 silly ADD node_modules/es-object-atoms
602 silly ADD node_modules/es-iterator-helpers
603 silly ADD node_modules/es-errors
604 silly ADD node_modules/es-define-property
605 silly ADD node_modules/es-abstract-get
606 silly ADD node_modules/es-abstract
607 silly ADD node_modules/enhanced-resolve
608 silly ADD node_modules/emoji-regex
609 silly ADD node_modules/electron-to-chromium
610 silly ADD node_modules/dunder-proto
611 silly ADD node_modules/doctrine
612 silly ADD node_modules/detect-libc
613 silly ADD node_modules/define-properties
614 silly ADD node_modules/define-data-property
615 silly ADD node_modules/deep-is
616 silly ADD node_modules/debug
617 silly ADD node_modules/data-view-byte-offset
618 silly ADD node_modules/data-view-byte-length
619 silly ADD node_modules/data-view-buffer
620 silly ADD node_modules/damerau-levenshtein
621 silly ADD node_modules/cross-spawn
622 silly ADD node_modules/convert-source-map
623 silly ADD node_modules/concat-map
624 silly ADD node_modules/color-name
625 silly ADD node_modules/color-convert
626 silly ADD node_modules/client-only
627 silly ADD node_modules/chalk
628 silly ADD node_modules/caniuse-lite
629 silly ADD node_modules/callsites
630 silly ADD node_modules/call-bound
631 silly ADD node_modules/call-bind-apply-helpers
632 silly ADD node_modules/call-bind
633 silly ADD node_modules/browserslist
634 silly ADD node_modules/braces
635 silly ADD node_modules/brace-expansion
636 silly ADD node_modules/baseline-browser-mapping
637 silly ADD node_modules/balanced-match
638 silly ADD node_modules/axobject-query
639 silly ADD node_modules/axe-core
640 silly ADD node_modules/available-typed-arrays
641 silly ADD node_modules/async-function
642 silly ADD node_modules/ast-types-flow
643 silly ADD node_modules/arraybuffer.prototype.slice
644 silly ADD node_modules/array.prototype.tosorted
645 silly ADD node_modules/array.prototype.flatmap
646 silly ADD node_modules/array.prototype.flat
647 silly ADD node_modules/array.prototype.findlastindex
648 silly ADD node_modules/array.prototype.findlast
649 silly ADD node_modules/array-includes
650 silly ADD node_modules/array-buffer-byte-length
651 silly ADD node_modules/aria-query
652 silly ADD node_modules/argparse
653 silly ADD node_modules/ansi-styles
654 silly ADD node_modules/ajv
655 silly ADD node_modules/acorn-jsx
656 silly ADD node_modules/acorn
657 silly ADD node_modules/@unrs/resolver-binding-win32-x64-msvc
658 silly ADD node_modules/@typescript-eslint/visitor-keys
659 silly ADD node_modules/@typescript-eslint/visitor-keys/node_modules/eslint-visitor-keys
660 silly ADD node_modules/@typescript-eslint/utils
661 silly ADD node_modules/@typescript-eslint/typescript-estree
662 silly ADD node_modules/@typescript-eslint/typescript-estree/node_modules/semver
663 silly ADD node_modules/@typescript-eslint/typescript-estree/node_modules/minimatch
664 silly ADD node_modules/@typescript-eslint/typescript-estree/node_modules/brace-expansion
665 silly ADD node_modules/@typescript-eslint/typescript-estree/node_modules/balanced-match
666 silly ADD node_modules/@typescript-eslint/types
667 silly ADD node_modules/@typescript-eslint/type-utils
668 silly ADD node_modules/@typescript-eslint/tsconfig-utils
669 silly ADD node_modules/@typescript-eslint/scope-manager
670 silly ADD node_modules/@typescript-eslint/project-service
671 silly ADD node_modules/@typescript-eslint/parser
672 silly ADD node_modules/@typescript-eslint/eslint-plugin
673 silly ADD node_modules/@typescript-eslint/eslint-plugin/node_modules/ignore
674 silly ADD node_modules/@types/json5
675 silly ADD node_modules/@types/json-schema
676 silly ADD node_modules/@types/estree
677 silly ADD node_modules/@tailwindcss/postcss
678 silly ADD node_modules/@tailwindcss/oxide-win32-x64-msvc
679 silly ADD node_modules/@tailwindcss/oxide
680 silly ADD node_modules/@tailwindcss/node
681 silly ADD node_modules/@swc/helpers
682 silly ADD node_modules/@rtsao/scc
683 silly ADD node_modules/@nolyfill/is-core-module
684 silly ADD node_modules/@nodelib/fs.walk
685 silly ADD node_modules/@nodelib/fs.stat
686 silly ADD node_modules/@nodelib/fs.scandir
687 silly ADD node_modules/@next/swc-win32-x64-msvc
688 silly ADD node_modules/@next/eslint-plugin-next
689 silly ADD node_modules/@next/eslint-plugin-next/node_modules/eslint-visitor-keys
690 silly ADD node_modules/@next/eslint-plugin-next/node_modules/@eslint-community/eslint-utils
691 silly ADD node_modules/@next/env
692 silly ADD node_modules/@jridgewell/trace-mapping
693 silly ADD node_modules/@jridgewell/sourcemap-codec
694 silly ADD node_modules/@jridgewell/resolve-uri
695 silly ADD node_modules/@jridgewell/remapping
696 silly ADD node_modules/@jridgewell/gen-mapping
697 silly ADD node_modules/@img/sharp-win32-x64
698 silly ADD node_modules/@img/colour
699 silly ADD node_modules/@humanwhocodes/retry
700 silly ADD node_modules/@humanwhocodes/module-importer
701 silly ADD node_modules/@humanfs/types
702 silly ADD node_modules/@humanfs/node
703 silly ADD node_modules/@humanfs/core
704 silly ADD node_modules/@eslint/plugin-kit
705 silly ADD node_modules/@eslint/object-schema
706 silly ADD node_modules/@eslint/js
707 silly ADD node_modules/@eslint/eslintrc
708 silly ADD node_modules/@eslint/core
709 silly ADD node_modules/@eslint/config-helpers
710 silly ADD node_modules/@eslint/config-array
711 silly ADD node_modules/@eslint-community/regexpp
712 silly ADD node_modules/@eslint-community/eslint-utils
713 silly ADD node_modules/@eslint-community/eslint-utils/node_modules/eslint-visitor-keys
714 silly ADD node_modules/@babel/types
715 silly ADD node_modules/@babel/traverse
716 silly ADD node_modules/@babel/template
717 silly ADD node_modules/@babel/parser
718 silly ADD node_modules/@babel/helpers
719 silly ADD node_modules/@babel/helper-validator-option
720 silly ADD node_modules/@babel/helper-validator-identifier
721 silly ADD node_modules/@babel/helper-string-parser
722 silly ADD node_modules/@babel/helper-module-transforms
723 silly ADD node_modules/@babel/helper-module-imports
724 silly ADD node_modules/@babel/helper-globals
725 silly ADD node_modules/@babel/helper-compilation-targets
726 silly ADD node_modules/@babel/generator
727 silly ADD node_modules/@babel/core
728 silly ADD node_modules/@babel/compat-data
729 silly ADD node_modules/@babel/code-frame
730 silly ADD node_modules/@alloc/quick-lru
731 warn allow-scripts 1 package has install scripts not yet covered by allowScripts:
731 warn allow-scripts   unrs-resolver@1.12.2 (postinstall: node postinstall.js)
731 warn allow-scripts
731 warn allow-scripts Run `npm approve-scripts --allow-scripts-pending` to review, or `npm approve-scripts <pkg>` to allow.
732 verbose cwd C:\Users\khanm\Desktop\landslide-ai\dashboard
733 verbose os Windows_NT 10.0.26200
734 verbose node v24.18.0
735 verbose npm  v11.16.0
736 notice
736 notice New major version of npm available! 11.16.0 -> 12.0.2
736 notice Changelog: https://github.com/npm/cli/releases/tag/v12.0.2
736 notice To update run: npm install -g npm@12.0.2
736 notice  { force: true, Symbol(proc-log.meta): true }
737 verbose exit 0
738 info ok
